// Jest Snapshot v1, https://goo.gl/fbAQLP

exports[`should render loading matching snapshot 1`] = `
<View
  alignItems="center"
  flex={1}
  justifyContent="center"
  style={
    Object {
      "backgroundColor": "#191932",
    }
  }
>
  <ActivityIndicator
    color="white"
    size={78.57142857142857}
  />
</View>
`;
